Deploying ./fervent-mendel to tmoi-pos / main / next-tmp

Deploying to production (--prod --yes).

Build settings
  Build Command     npm run build     · package.json scripts.build
  Output Directory  .next/standalone  · Next.js output

Building locally...
Build failed locally.

✗ Built       Next.js build failed (exit code 1):
> next-tmp@0.1.0 build
> next build

  ▲ Next.js 14.2.35
  - Environments: .env

   Creating an optimized production build ...
<w> [webpack.cache.PackFileCacheStrategy] Caching failed for pack: Error: Unable to snapshot resolve dependencies
<w> [webpack.cache.PackFileCacheStrategy] Caching failed for pack: Error: Unable to snapshot resolve dependencies
 ✓ Compiled successfully
   Linting and checking validity of types ...
   Collecting page data ...
 ⚠ Sending SIGTERM signal to Next.js build worker due to timeout of 60 seconds. Subsequent errors may be a result of the worker exiting.
 ⨯ Next.js build worker exited with code: null and signal: SIGTERM
 ⨯ Next.js build worker exited with code: null and signal: SIGTERM
 ⨯ Next.js build worker exited with code: null and signal: SIGTERM
 ⨯ Next.js build worker exited with code: null and signal: SIGTERM
 ⨯ Next.js build worker exited with code: null and signal: SIGTERM
 ⨯ Next.js build worker exited with code: null and signal: SIGTERM
 ⨯ Next.js build worker exited with code: null and signal: SIGTERM
 ⚠ Restarted collecting page data for /_app because it took more than 60 seconds
 ⚠ See more info here https://nextjs.org/docs/messages/static-page-generation-timeout
 ⚠ Restarted collecting page data for /_app because it took more than 60 seconds
 ⚠ Sending SIGTERM signal to Next.js build worker due to timeout of 60 seconds. Subsequent errors may be a result of the worker exiting.
 ⨯ Next.js build worker exited with code: null and signal: SIGTERM
 ⨯ Next.js build worker exited with code: null and signal: SIGTERM
 ⨯ Next.js build worker exited with code: null and signal: SIGTERM
 ⨯ Next.js build worker exited with code: null and signal: SIGTERM
 ⨯ Next.js build worker exited with code: null and signal: SIGTERM
 ⨯ Next.js build worker exited with code: null and signal: SIGTERM
 ⨯ Next.js build worker exited with code: null and signal: SIGTERM
 ⚠ Restarted collecting page data for /api/orders/[id] because it took more than 60 seconds
 ⚠ See more info here https://nextjs.org/docs/messages/static-page-generation-timeout
 ⚠ Restarted collecting page data for /api/orders because it took more than 60 seconds
 ⚠ Restarted collecting page data for /api/staff/[id] because it took more than 60 seconds
 ⚠ Restarted collecting page data for /api/staff because it took more than 60 seconds
 ⚠ Restarted collecting page data for /api/seed because it took more than 60 seconds
 ⚠ Restarted collecting page data for /_not-found because it took more than 60 seconds
 ⚠ Restarted collecting page data for /login because it took more than 60 seconds
 ⚠ Restarted collecting page data for / because it took more than 60 seconds
 ⚠ Restarted collecting page data for /staff because it took more than 60 seconds
 ⚠ Restarted collecting page data for /favicon.ico because it took more than 60 seconds
 ⚠ Restarted collecting page data for /api/auth/[...nextauth] because it took more than 60 seconds
 ⚠ Restarted collecting page data for /kitchen because it took more than 60 seconds
 ⚠ Restarted collecting page data for /dashboard because it took more than 60 seconds
 ⚠ Restarted collecting page data for /order because it took more than 60 seconds
 ⚠ Sending SIGTERM signal to Next.js build worker due to timeout of 60 seconds. Subsequent errors may be a result of the worker exiting.
 ⨯ Next.js build worker exited with code: null and signal: SIGTERM
 ⨯ Next.js build worker exited with code: null and signal: SIGTERM
 ⨯ Next.js build worker exited with code: null and signal: SIGTERM
 ⨯ Next.js build worker exited with code: null and signal: SIGTERM
 ⨯ Next.js build worker exited with code: null and signal: SIGTERM
 ⨯ Next.js build worker exited with code: null and signal: SIGTERM
 ⨯ Next.js build worker exited with code: null and signal: SIGTERM
unhandledRejection Error: Collecting page data for /_app is still timing out after 2 attempts. See more info here https://nextjs.org/docs/messages/page-data-collection-timeout
    at onRestart (/Users/saadibrahimkhan/Documents/antigravity/fervent-mendel/node_modules/next/dist/build/index.js:299:27)
    at Worker.hasCustomGetInitialProps (/Users/saadibrahimkhan/Documents/antigravity/fervent-mendel/node_modules/next/dist/lib/worker.js:104:40)
    at process.processTicksAndRejections (node:internal/process/task_queues:103:5)

Fix: Inspect the build output above, fix the error, and redeploy.
